Java HotSpot(TM) 64-Bit Server VM (25.77-b03) for linux-amd64 JRE (1.8.0_77-b03), built on Mar 20 2016 22:00:46 by "java_re" with gcc 4.3.0 20080428 (Red Hat 4.3.0-8)
Memory: 4k page, physical 1003032k(225516k free), swap 1046524k(615424k free)
CommandLine flags: -XX:+DisableExplicitGC -XX:InitialHeapSize=209715200 -XX:InitiatingHeapOccupancyPercent=35 -XX:+ManagementServer -XX:MaxGCPauseMillis=20 -XX:MaxHeapSize=209715200 -XX:+PrintGC -XX:+PrintGCDateStamps -XX:+PrintGCDetails -XX:+PrintGCTimeStamps -XX:+UseCompressedClassPointers -XX:+UseCompressedOops -XX:+UseG1GC 
2016-07-07T15:34:04.215+0800: 1.367: [GC pause (G1 Evacuation Pause) (young), 0.0074227 secs]
   [Parallel Time: 5.9 ms, GC Workers: 1]
      [GC Worker Start (ms):  1367.5]
      [Ext Root Scanning (ms):  1.3]
      [Update RS (ms):  0.0]
         [Processed Buffers:  0]
      [Scan RS (ms):  0.0]
      [Code Root Scanning (ms):  0.2]
      [Object Copy (ms):  4.2]
      [Termination (ms):  0.0]
         [Termination Attempts:  1]
      [GC Worker Other (ms):  0.0]
      [GC Worker Total (ms):  5.8]
      [GC Worker End (ms):  1373.3]
   [Code Root Fixup: 0.1 ms]
   [Code Root Purge: 0.0 ms]
   [Clear CT: 0.3 ms]
   [Other: 1.2 ms]
      [Choose CSet: 0.0 ms]
      [Ref Proc: 0.9 ms]
      [Ref Enq: 0.0 ms]
      [Redirty Cards: 0.0 ms]
      [Humongous Register: 0.0 ms]
      [Humongous Reclaim: 0.0 ms]
      [Free CSet: 0.0 ms]
   [Eden: 10.0M(10.0M)->0.0B(8192.0K) Survivors: 0.0B->2048.0K Heap: 10.0M(200.0M)->2406.0K(200.0M)]
 [Times: user=0.01 sys=0.00, real=0.00 secs] 
2016-07-07T15:34:04.594+0800: 1.746: [GC pause (G1 Evacuation Pause) (young), 0.0166296 secs]
   [Parallel Time: 14.7 ms, GC Workers: 1]
      [GC Worker Start (ms):  1746.5]
      [Ext Root Scanning (ms):  0.9]
      [Update RS (ms):  0.1]
         [Processed Buffers:  1]
      [Scan RS (ms):  0.0]
      [Code Root Scanning (ms):  0.3]
      [Object Copy (ms):  12.0]
      [Termination (ms):  0.0]
         [Termination Attempts:  1]
      [GC Worker Other (ms):  0.0]
      [GC Worker Total (ms):  13.2]
      [GC Worker End (ms):  1759.7]
   [Code Root Fixup: 0.2 ms]
   [Code Root Purge: 0.0 ms]
   [Clear CT: 0.4 ms]
   [Other: 1.4 ms]
      [Choose CSet: 0.0 ms]
      [Ref Proc: 1.1 ms]
      [Ref Enq: 0.0 ms]
      [Redirty Cards: 0.0 ms]
      [Humongous Register: 0.0 ms]
      [Humongous Reclaim: 0.0 ms]
      [Free CSet: 0.0 ms]
   [Eden: 8192.0K(8192.0K)->0.0B(8192.0K) Survivors: 2048.0K->2048.0K Heap: 10.3M(200.0M)->4441.0K(200.0M)]
 [Times: user=0.01 sys=0.00, real=0.01 secs] 
2016-07-07T15:34:04.974+0800: 2.126: [GC pause (G1 Evacuation Pause) (young), 0.0039198 secs]
   [Parallel Time: 3.4 ms, GC Workers: 1]
      [GC Worker Start (ms):  2126.3]
      [Ext Root Scanning (ms):  2.2]
      [Update RS (ms):  0.3]
         [Processed Buffers:  6]
      [Scan RS (ms):  0.2]
      [Code Root Scanning (ms):  0.1]
      [Object Copy (ms):  0.6]
      [Termination (ms):  0.0]
         [Termination Attempts:  1]
      [GC Worker Other (ms):  0.0]
      [GC Worker Total (ms):  3.4]
      [GC Worker End (ms):  2129.6]
   [Code Root Fixup: 0.0 ms]
   [Code Root Purge: 0.0 ms]
   [Clear CT: 0.0 ms]
   [Other: 0.5 ms]
      [Choose CSet: 0.0 ms]
      [Ref Proc: 0.3 ms]
      [Ref Enq: 0.0 ms]
      [Redirty Cards: 0.0 ms]
      [Humongous Register: 0.0 ms]
      [Humongous Reclaim: 0.0 ms]
      [Free CSet: 0.0 ms]
   [Eden: 8192.0K(8192.0K)->0.0B(8192.0K) Survivors: 2048.0K->2048.0K Heap: 12.3M(200.0M)->4441.0K(200.0M)]
 [Times: user=0.00 sys=0.00, real=0.00 secs] 
2016-07-07T15:34:05.412+0800: 2.564: [GC pause (G1 Evacuation Pause) (young), 0.0091804 secs]
   [Parallel Time: 8.4 ms, GC Workers: 1]
      [GC Worker Start (ms):  2563.9]
      [Ext Root Scanning (ms):  1.0]
      [Update RS (ms):  0.2]
         [Processed Buffers:  5]
      [Scan RS (ms):  0.0]
      [Code Root Scanning (ms):  0.0]
      [Object Copy (ms):  7.1]
      [Termination (ms):  0.0]
         [Termination Attempts:  1]
      [GC Worker Other (ms):  0.0]
      [GC Worker Total (ms):  8.3]
      [GC Worker End (ms):  2572.2]
   [Code Root Fixup: 0.0 ms]
   [Code Root Purge: 0.0 ms]
   [Clear CT: 0.0 ms]
   [Other: 0.7 ms]
      [Choose CSet: 0.0 ms]
      [Ref Proc: 0.6 ms]
      [Ref Enq: 0.0 ms]
      [Redirty Cards: 0.0 ms]
      [Humongous Register: 0.0 ms]
      [Humongous Reclaim: 0.0 ms]
      [Free CSet: 0.0 ms]
   [Eden: 8192.0K(8192.0K)->0.0B(8192.0K) Survivors: 2048.0K->2048.0K Heap: 12.3M(200.0M)->3929.0K(200.0M)]
 [Times: user=0.00 sys=0.00, real=0.01 secs] 
2016-07-07T15:34:06.165+0800: 3.317: [GC pause (G1 Evacuation Pause) (young), 0.0092216 secs]
   [Parallel Time: 4.2 ms, GC Workers: 1]
      [GC Worker Start (ms):  3317.3]
      [Ext Root Scanning (ms):  2.0]
      [Update RS (ms):  0.3]
         [Processed Buffers:  7]
      [Scan RS (ms):  0.0]
      [Code Root Scanning (ms):  0.1]
      [Object Copy (ms):  1.6]
      [Termination (ms):  0.0]
         [Termination Attempts:  1]
      [GC Worker Other (ms):  0.0]
      [GC Worker Total (ms):  4.1]
      [GC Worker End (ms):  3321.4]
   [Code Root Fixup: 0.0 ms]
   [Code Root Purge: 0.0 ms]
   [Clear CT: 0.0 ms]
   [Other: 5.0 ms]
      [Choose CSet: 0.0 ms]
      [Ref Proc: 4.8 ms]
      [Ref Enq: 0.0 ms]
      [Redirty Cards: 0.0 ms]
      [Humongous Register: 0.0 ms]
      [Humongous Reclaim: 0.0 ms]
      [Free CSet: 0.0 ms]
   [Eden: 8192.0K(8192.0K)->0.0B(8192.0K) Survivors: 2048.0K->2048.0K Heap: 11.8M(200.0M)->4441.0K(200.0M)]
 [Times: user=0.01 sys=0.00, real=0.02 secs] 
2016-07-07T15:34:06.450+0800: 3.602: [GC pause (G1 Evacuation Pause) (young), 0.0035713 secs]
   [Parallel Time: 3.1 ms, GC Workers: 1]
      [GC Worker Start (ms):  3602.4]
      [Ext Root Scanning (ms):  1.4]
      [Update RS (ms):  0.2]
         [Processed Buffers:  5]
      [Scan RS (ms):  0.0]
      [Code Root Scanning (ms):  0.1]
      [Object Copy (ms):  1.4]
      [Termination (ms):  0.0]
         [Termination Attempts:  1]
      [GC Worker Other (ms):  0.0]
      [GC Worker Total (ms):  3.1]
      [GC Worker End (ms):  3605.5]
   [Code Root Fixup: 0.0 ms]
   [Code Root Purge: 0.0 ms]
   [Clear CT: 0.0 ms]
   [Other: 0.4 ms]
      [Choose CSet: 0.0 ms]
      [Ref Proc: 0.2 ms]
      [Ref Enq: 0.0 ms]
      [Redirty Cards: 0.0 ms]
      [Humongous Register: 0.0 ms]
      [Humongous Reclaim: 0.0 ms]
      [Free CSet: 0.0 ms]
   [Eden: 8192.0K(8192.0K)->0.0B(8192.0K) Survivors: 2048.0K->2048.0K Heap: 12.3M(200.0M)->4441.0K(200.0M)]
 [Times: user=0.00 sys=0.00, real=0.00 secs] 
2016-07-07T15:34:06.779+0800: 3.931: [GC pause (G1 Humongous Allocation) (young) (initial-mark), 0.0177707 secs]
   [Parallel Time: 15.6 ms, GC Workers: 1]
      [GC Worker Start (ms):  3931.4]
      [Ext Root Scanning (ms):  1.2]
      [Update RS (ms):  0.2]
         [Processed Buffers:  6]
      [Scan RS (ms):  0.0]
      [Code Root Scanning (ms):  0.1]
      [Object Copy (ms):  14.0]
      [Termination (ms):  0.0]
         [Termination Attempts:  1]
      [GC Worker Other (ms):  0.0]
      [GC Worker Total (ms):  15.6]
      [GC Worker End (ms):  3946.9]
   [Code Root Fixup: 0.0 ms]
   [Code Root Purge: 0.0 ms]
   [Clear CT: 0.7 ms]
   [Other: 1.4 ms]
      [Choose CSet: 0.0 ms]
      [Ref Proc: 1.3 ms]
      [Ref Enq: 0.0 ms]
      [Redirty Cards: 0.0 ms]
      [Humongous Register: 0.0 ms]
      [Humongous Reclaim: 0.0 ms]
      [Free CSet: 0.0 ms]
   [Eden: 5120.0K(8192.0K)->0.0B(8192.0K) Survivors: 2048.0K->2048.0K Heap: 9385.4K(200.0M)->4441.0K(200.0M)]
 [Times: user=0.00 sys=0.00, real=0.02 secs] 
2016-07-07T15:34:06.797+0800: 3.949: [GC concurrent-root-region-scan-start]
2016-07-07T15:34:06.799+0800: 3.951: [GC concurrent-root-region-scan-end, 0.0020056 secs]
2016-07-07T15:34:06.799+0800: 3.951: [GC concurrent-mark-start]
2016-07-07T15:34:06.813+0800: 3.965: [GC concurrent-mark-end, 0.0136362 secs]
2016-07-07T15:34:07.211+0800: 4.364: [GC remark 2016-07-07T15:34:07.212+0800: 4.364: [Finalize Marking, 0.0001469 secs] 2016-07-07T15:34:07.212+0800: 4.364: [GC ref-proc, 0.0020714 secs] 2016-07-07T15:34:07.215+0800: 4.367: [Unloading, 0.0074897 secs], 0.0106573 secs]
 [Times: user=0.01 sys=0.00, real=0.01 secs] 
2016-07-07T15:34:07.223+0800: 4.375: [GC cleanup 132M->132M(200M), 0.0007137 secs]
 [Times: user=0.00 sys=0.00, real=0.00 secs] 
2016-07-07T15:34:07.629+0800: 4.781: [GC pause (G1 Evacuation Pause) (young), 0.0149889 secs]
   [Parallel Time: 13.7 ms, GC Workers: 1]
      [GC Worker Start (ms):  4781.3]
      [Ext Root Scanning (ms):  1.5]
      [Update RS (ms):  0.3]
         [Processed Buffers:  6]
      [Scan RS (ms):  0.0]
      [Code Root Scanning (ms):  0.1]
      [Object Copy (ms):  11.8]
      [Termination (ms):  0.0]
         [Termination Attempts:  1]
      [GC Worker Other (ms):  0.0]
      [GC Worker Total (ms):  13.7]
      [GC Worker End (ms):  4795.0]
   [Code Root Fixup: 0.0 ms]
   [Code Root Purge: 0.0 ms]
   [Clear CT: 0.0 ms]
   [Other: 1.2 ms]
      [Choose CSet: 0.0 ms]
      [Ref Proc: 1.1 ms]
      [Ref Enq: 0.0 ms]
      [Redirty Cards: 0.0 ms]
      [Humongous Register: 0.0 ms]
      [Humongous Reclaim: 0.0 ms]
      [Free CSet: 0.0 ms]
   [Eden: 8192.0K(8192.0K)->0.0B(8192.0K) Survivors: 2048.0K->2048.0K Heap: 140.3M(200.0M)->133.2M(200.0M)]
 [Times: user=0.01 sys=0.00, real=0.01 secs] 
2016-07-07T15:34:07.910+0800: 5.062: [GC pause (G1 Evacuation Pause) (young), 0.0121510 secs]
   [Parallel Time: 11.6 ms, GC Workers: 1]
      [GC Worker Start (ms):  5061.8]
      [Ext Root Scanning (ms):  1.5]
      [Update RS (ms):  0.9]
         [Processed Buffers:  10]
      [Scan RS (ms):  0.0]
      [Code Root Scanning (ms):  0.2]
      [Object Copy (ms):  8.9]
      [Termination (ms):  0.0]
         [Termination Attempts:  1]
      [GC Worker Other (ms):  0.0]
      [GC Worker Total (ms):  11.6]
      [GC Worker End (ms):  5073.4]
   [Code Root Fixup: 0.1 ms]
   [Code Root Purge: 0.0 ms]
   [Clear CT: 0.0 ms]
   [Other: 0.4 ms]
      [Choose CSet: 0.0 ms]
      [Ref Proc: 0.3 ms]
      [Ref Enq: 0.0 ms]
      [Redirty Cards: 0.0 ms]
      [Humongous Register: 0.0 ms]
      [Humongous Reclaim: 0.0 ms]
      [Free CSet: 0.0 ms]
   [Eden: 8192.0K(8192.0K)->0.0B(8192.0K) Survivors: 2048.0K->2048.0K Heap: 141.2M(200.0M)->133.7M(200.0M)]
 [Times: user=0.00 sys=0.00, real=0.01 secs] 
2016-07-07T15:34:08.181+0800: 5.333: [GC pause (G1 Evacuation Pause) (young) (initial-mark), 0.0047143 secs]
   [Parallel Time: 3.5 ms, GC Workers: 1]
      [GC Worker Start (ms):  5333.2]
      [Ext Root Scanning (ms):  1.0]
      [Update RS (ms):  1.2]
         [Processed Buffers:  9]
      [Scan RS (ms):  0.0]
      [Code Root Scanning (ms):  0.0]
      [Object Copy (ms):  1.2]
      [Termination (ms):  0.0]
         [Termination Attempts:  1]
      [GC Worker Other (ms):  0.0]
      [GC Worker Total (ms):  3.5]
      [GC Worker End (ms):  5336.6]
   [Code Root Fixup: 0.0 ms]
   [Code Root Purge: 0.0 ms]
   [Clear CT: 0.0 ms]
   [Other: 1.1 ms]
      [Choose CSet: 0.0 ms]
      [Ref Proc: 1.0 ms]
      [Ref Enq: 0.0 ms]
      [Redirty Cards: 0.0 ms]
      [Humongous Register: 0.0 ms]
      [Humongous Reclaim: 0.0 ms]
      [Free CSet: 0.0 ms]
   [Eden: 8192.0K(8192.0K)->0.0B(9216.0K) Survivors: 2048.0K->2048.0K Heap: 141.7M(200.0M)->133.7M(200.0M)]
 [Times: user=0.01 sys=0.00, real=0.00 secs] 
2016-07-07T15:34:08.186+0800: 5.338: [GC concurrent-root-region-scan-start]
2016-07-07T15:34:08.187+0800: 5.339: [GC concurrent-root-region-scan-end, 0.0009418 secs]
2016-07-07T15:34:08.187+0800: 5.339: [GC concurrent-mark-start]
2016-07-07T15:34:08.211+0800: 5.363: [GC concurrent-mark-end, 0.0241039 secs]
2016-07-07T15:34:08.215+0800: 5.367: [GC remark 2016-07-07T15:34:08.215+0800: 5.367: [Finalize Marking, 0.0000823 secs] 2016-07-07T15:34:08.215+0800: 5.367: [GC ref-proc, 0.0001579 secs] 2016-07-07T15:34:08.216+0800: 5.368: [Unloading, 0.0062443 secs], 0.0072401 secs]
 [Times: user=0.01 sys=0.00, real=0.00 secs] 
2016-07-07T15:34:08.226+0800: 5.378: [GC cleanup 134M->134M(200M), 0.0002270 secs]
 [Times: user=0.00 sys=0.00, real=0.00 secs] 
2016-07-07T15:34:08.813+0800: 5.965: [GC pause (G1 Evacuation Pause) (young), 0.0077144 secs]
   [Parallel Time: 6.9 ms, GC Workers: 1]
      [GC Worker Start (ms):  5965.6]
      [Ext Root Scanning (ms):  2.3]
      [Update RS (ms):  0.9]
         [Processed Buffers:  11]
      [Scan RS (ms):  0.0]
      [Code Root Scanning (ms):  0.1]
      [Object Copy (ms):  3.3]
      [Termination (ms):  0.0]
         [Termination Attempts:  1]
      [GC Worker Other (ms):  0.0]
      [GC Worker Total (ms):  6.7]
      [GC Worker End (ms):  5972.3]
   [Code Root Fixup: 0.0 ms]
   [Code Root Purge: 0.0 ms]
   [Clear CT: 0.0 ms]
   [Other: 0.8 ms]
      [Choose CSet: 0.0 ms]
      [Ref Proc: 0.6 ms]
      [Ref Enq: 0.0 ms]
      [Redirty Cards: 0.0 ms]
      [Humongous Register: 0.0 ms]
      [Humongous Reclaim: 0.0 ms]
      [Free CSet: 0.0 ms]
   [Eden: 9216.0K(9216.0K)->0.0B(11.0M) Survivors: 2048.0K->2048.0K Heap: 142.7M(200.0M)->134.1M(200.0M)]
 [Times: user=0.00 sys=0.00, real=0.01 secs] 
2016-07-07T15:34:09.155+0800: 6.307: [GC pause (G1 Evacuation Pause) (young), 0.0093205 secs]
   [Parallel Time: 8.3 ms, GC Workers: 1]
      [GC Worker Start (ms):  6306.6]
      [Ext Root Scanning (ms):  1.6]
      [Update RS (ms):  0.5]
         [Processed Buffers:  11]
      [Scan RS (ms):  0.0]
      [Code Root Scanning (ms):  0.1]
      [Object Copy (ms):  5.2]
      [Termination (ms):  0.0]
         [Termination Attempts:  1]
      [GC Worker Other (ms):  0.0]
      [GC Worker Total (ms):  7.4]
      [GC Worker End (ms):  6314.0]
   [Code Root Fixup: 0.0 ms]
   [Code Root Purge: 0.0 ms]
   [Clear CT: 0.0 ms]
   [Other: 0.9 ms]
      [Choose CSet: 0.0 ms]
      [Ref Proc: 0.8 ms]
      [Ref Enq: 0.0 ms]
      [Redirty Cards: 0.0 ms]
      [Humongous Register: 0.0 ms]
      [Humongous Reclaim: 0.0 ms]
      [Free CSet: 0.0 ms]
   [Eden: 11.0M(11.0M)->0.0B(37.0M) Survivors: 2048.0K->2048.0K Heap: 145.1M(200.0M)->134.6M(200.0M)]
 [Times: user=0.00 sys=0.00, real=0.00 secs] 
2016-07-07T15:40:21.471+0800: 378.624: [GC pause (G1 Evacuation Pause) (young) (initial-mark), 0.1233090 secs]
   [Parallel Time: 93.2 ms, GC Workers: 1]
      [GC Worker Start (ms):  378644.3]
      [Ext Root Scanning (ms):  51.7]
      [Update RS (ms):  4.6]
         [Processed Buffers:  29]
      [Scan RS (ms):  0.1]
      [Code Root Scanning (ms):  2.5]
      [Object Copy (ms):  31.7]
      [Termination (ms):  0.0]
         [Termination Attempts:  1]
      [GC Worker Other (ms):  0.4]
      [GC Worker Total (ms):  91.0]
      [GC Worker End (ms):  378735.3]
   [Code Root Fixup: 0.1 ms]
   [Code Root Purge: 0.0 ms]
   [Clear CT: 0.0 ms]
   [Other: 29.9 ms]
      [Choose CSet: 0.0 ms]
      [Ref Proc: 9.8 ms]
      [Ref Enq: 0.0 ms]
      [Redirty Cards: 0.0 ms]
      [Humongous Register: 0.4 ms]
      [Humongous Reclaim: 0.0 ms]
      [Free CSet: 0.5 ms]
   [Eden: 37.0M(37.0M)->0.0B(7168.0K) Survivors: 2048.0K->3072.0K Heap: 171.6M(200.0M)->136.1M(200.0M)]
 [Times: user=0.02 sys=0.02, real=0.13 secs] 
2016-07-07T15:40:21.595+0800: 378.747: [GC concurrent-root-region-scan-start]
2016-07-07T15:40:21.619+0800: 378.771: [GC concurrent-root-region-scan-end, 0.0238508 secs]
2016-07-07T15:40:21.619+0800: 378.771: [GC concurrent-mark-start]
2016-07-07T15:40:21.650+0800: 378.802: [GC concurrent-mark-end, 0.0312280 secs]
2016-07-07T15:40:21.650+0800: 378.802: [GC remark 2016-07-07T15:40:21.650+0800: 378.802: [Finalize Marking, 0.0007998 secs] 2016-07-07T15:40:21.651+0800: 378.803: [GC ref-proc, 0.0004767 secs] 2016-07-07T15:40:21.652+0800: 378.804: [Unloading, 0.0484837 secs], 0.0509885 secs]
 [Times: user=0.02 sys=0.01, real=0.05 secs] 
2016-07-07T15:40:21.707+0800: 378.859: [GC cleanup 136M->136M(200M), 0.0009581 secs]
 [Times: user=0.00 sys=0.00, real=0.00 secs] 
Heap
 garbage-first heap   total 204800K, used 144499K [0x00000000f3800000, 0x00000000f3900640, 0x0000000100000000)
  region size 1024K, 9 young (9216K), 3 survivors (3072K)
 Metaspace       used 23143K, capacity 23286K, committed 23424K, reserved 1069056K
  class space    used 3358K, capacity 3415K, committed 3456K, reserved 1048576K
